Command line invocation:
    /Applications/Xcode.app/Contents/Developer/usr/bin/xcodebuild test -project QuickRecorder.xcodeproj -scheme QuickRecorder -destination platform=macOS -enableCodeCoverage YES "-only-testing:QuickRecorderTests"

Resolve Package Graph


Resolved source packages:
  MatrixColorSelector: https://github.com/lihaoyun6/MatrixColorSelector.git @ main (0853e68)
  KeyboardShortcuts: https://github.com/sindresorhus/KeyboardShortcuts.git @ 2.4.0
  Sparkle: https://github.com/sparkle-project/Sparkle @ 2.8.1
  AECAudioStream: https://github.com/lihaoyun6/AECAudioStream.git @ main (0eab971)
  SwiftLAME: https://github.com/hidden-spectrum/SwiftLAME.git @ e8256a8

--- xcodebuild: WARNING: Using the first of multiple matching destinations:
{ platform:macOS, arch:arm64, id:00006000-0008189E0E02401E, name:My Mac }
{ platform:macOS, arch:x86_64, id:00006000-0008189E0E02401E, name:My Mac }
ComputePackagePrebuildTargetDependencyGraph

Prepare packages

CreateBuildRequest

SendProjectDescription

CreateBuildOperation

ComputeTargetDependencyGraph
note: Building targets in dependency order
note: Target dependency graph (13 targets)
    Target 'QuickRecorderTests' in project 'QuickRecorder'
        ➜ Explicit dependency on target 'QuickRecorder' in project 'QuickRecorder'
    Target 'QuickRecorder' in project 'QuickRecorder'
        ➜ Explicit dependency on target 'MatrixColorSelector' in project 'MatrixColorSelector'
        ➜ Explicit dependency on target 'Sparkle' in project 'Sparkle'
        ➜ Explicit dependency on target 'KeyboardShortcuts' in project 'KeyboardShortcuts'
        ➜ Explicit dependency on target 'SwiftLAME' in project 'SwiftLAME'
        ➜ Explicit dependency on target 'AECAudioStream' in project 'AECAudioStream'
    Target 'AECAudioStream' in project 'AECAudioStream'
        ➜ Explicit dependency on target 'AECAudioStream' in project 'AECAudioStream'
    Target 'AECAudioStream' in project 'AECAudioStream' (no dependencies)
    Target 'SwiftLAME' in project 'SwiftLAME'
        ➜ Explicit dependency on target 'SwiftLAME' in project 'SwiftLAME'
        ➜ Explicit dependency on target 'LAME' in project 'SwiftLAME'
    Target 'SwiftLAME' in project 'SwiftLAME'
        ➜ Explicit dependency on target 'LAME' in project 'SwiftLAME'
    Target 'LAME' in project 'SwiftLAME' (no dependencies)
    Target 'KeyboardShortcuts' in project 'KeyboardShortcuts'
        ➜ Explicit dependency on target 'KeyboardShortcuts' in project 'KeyboardShortcuts'
        ➜ Explicit dependency on target 'KeyboardShortcuts_KeyboardShortcuts' in project 'KeyboardShortcuts'
    Target 'KeyboardShortcuts' in project 'KeyboardShortcuts'
        ➜ Explicit dependency on target 'KeyboardShortcuts_KeyboardShortcuts' in project 'KeyboardShortcuts'
    Target 'KeyboardShortcuts_KeyboardShortcuts' in project 'KeyboardShortcuts' (no dependencies)
    Target 'Sparkle' in project 'Sparkle' (no dependencies)
    Target 'MatrixColorSelector' in project 'MatrixColorSelector'
        ➜ Explicit dependency on target 'MatrixColorSelector' in project 'MatrixColorSelector'
    Target 'MatrixColorSelector' in project 'MatrixColorSelector' (no dependencies)

GatherProvisioningInputs

CreateBuildDescription

ClangStatCache /Applications/Xcode.app/Contents/Developer/Toolchains/XcodeDefault.xctoolchain/usr/bin/clang-stat-cache /Applications/Xcode.app/Contents/Developer/Platforms/MacOSX.platform/Developer/SDKs/MacOSX26.0.sdk /Users/hisgarden/Library/Developer/Xcode/DerivedData/SDKStatCaches.noindex/macosx26.0-25A352-28806144b0707e398aac92880fa50324.sdkstatcache
    cd /Users/hisgarden/workspace/util/QuickRecorder/QuickRecorder.xcodeproj
    /Applications/Xcode.app/Contents/Developer/Toolchains/XcodeDefault.xctoolchain/usr/bin/clang-stat-cache /Applications/Xcode.app/Contents/Developer/Platforms/MacOSX.platform/Developer/SDKs/MacOSX26.0.sdk -o /Users/hisgarden/Library/Developer/Xcode/DerivedData/SDKStatCaches.noindex/macosx26.0-25A352-28806144b0707e398aac92880fa50324.sdkstatcache

warning: Run script build phase 'Resign Sparkle' will be run during every build because it does not specify any outputs. To address this issue, either add output dependencies to the script phase, or configure it to run in every build by unchecking "Based on dependency analysis" in the script phase. (in target 'QuickRecorder' from project 'QuickRecorder')
PhaseScriptExecution Resign\ Sparkle /Users/hisgarden/Library/Developer/Xcode/DerivedData/QuickRecorder-hkqsdurnaueuugdwzzozbromwbdc/Build/Intermediates.noindex/QuickRecorder.build/Debug/QuickRecorder.build/Script-82D2117F2EFF470500A993EC.sh (in target 'QuickRecorder' from project 'QuickRecorder')
    cd /Users/hisgarden/workspace/util/QuickRecorder
    export ACTION\=build
    export AD_HOC_CODE_SIGNING_ALLOWED\=YES
    export AGGREGATE_TRACKED_DOMAINS\=YES
    export ALLOW_BUILD_REQUEST_OVERRIDES\=NO
    export ALLOW_TARGET_PLATFORM_SPECIALIZATION\=NO
    export ALTERNATE_GROUP\=staff
    export ALTERNATE_MODE\=u+w,go-w,a+rX
    export ALTERNATE_OWNER\=hisgarden
    export ALTERNATIVE_DISTRIBUTION_WEB\=NO
    export ALWAYS_EMBED_SWIFT_STANDARD_LIBRARIES\=NO
    export ALWAYS_SEARCH_USER_PATHS\=NO
    export ALWAYS_USE_SEPARATE_HEADERMAPS\=NO
    export APPLICATION_EXTENSION_API_ONLY\=NO
    export APPLY_RULES_IN_COPY_FILES\=NO
    export APPLY_RULES_IN_COPY_HEADERS\=NO
    export APP_SHORTCUTS_ENABLE_FLEXIBLE_MATCHING\=YES
    export ARCHS\=arm64
    export ARCHS_STANDARD\=arm64\ x86_64
    export ARCHS_STANDARD_32_64_BIT\=arm64\ x86_64\ i386
    export ARCHS_STANDARD_32_BIT\=i386
    export ARCHS_STANDARD_64_BIT\=arm64\ x86_64
    export ARCHS_STANDARD_INCLUDING_64_BIT\=arm64\ x86_64
    export ASSETCATALOG_COMPILER_APPICON_NAME\=AppIcon
    export ASSETCATALOG_COMPILER_GENERATE_SWIFT_ASSET_SYMBOL_EXTENSIONS\=YES
    export ASSETCATALOG_COMPILER_GLOBAL_ACCENT_COLOR_NAME\=AccentColor
    export AUTOMATICALLY_MERGE_DEPENDENCIES\=NO
    export AUTOMATION_APPLE_EVENTS\=NO
    export AVAILABLE_PLATFORMS\=android\ appletvos\ appletvsimulator\ driverkit\ iphoneos\ iphonesimulator\ macosx\ qnx\ watchos\ watchsimulator\ webassembly\ xros\ xrsimulator
    export AppIdentifierPrefix\=NSDC3EDS2G.
    export BUILD_ACTIVE_RESOURCES_ONLY\=NO
    export BUILD_COMPONENTS\=headers\ build
    export BUILD_DIR\=/Users/hisgarden/Library/Developer/Xcode/DerivedData/QuickRecorder-hkqsdurnaueuugdwzzozbromwbdc/Build/Products
    export BUILD_LIBRARY_FOR_DISTRIBUTION\=NO
    export BUILD_ROOT\=/Users/hisgarden/Library/Developer/Xcode/DerivedData/QuickRecorder-hkqsdurnaueuugdwzzozbromwbdc/Build/Products
    export BUILD_STYLE\=
    export BUILD_VARIANTS\=normal
    export BUILT_PRODUCTS_DIR\=/Users/hisgarden/Library/Developer/Xcode/DerivedData/QuickRecorder-hkqsdurnaueuugdwzzozbromwbdc/Build/Products/Debug
    export BUNDLE_CONTENTS_FOLDER_PATH\=Contents/
    export BUNDLE_CONTENTS_FOLDER_PATH_deep\=Contents/
    export BUNDLE_EXECUTABLE_FOLDER_NAME_deep\=MacOS
    export BUNDLE_EXECUTABLE_FOLDER_PATH\=Contents/MacOS
    export BUNDLE_EXTENSIONS_FOLDER_PATH\=Contents/Extensions
    export BUNDLE_FORMAT\=deep
    export BUNDLE_FRAMEWORKS_FOLDER_PATH\=Contents/Frameworks
    export BUNDLE_PLUGINS_FOLDER_PATH\=Contents/PlugIns
    export BUNDLE_PRIVATE_HEADERS_FOLDER_PATH\=Contents/PrivateHeaders
    export BUNDLE_PUBLIC_HEADERS_FOLDER_PATH\=Contents/Headers
    export CACHE_ROOT\=/var/folders/lj/r59mn1s53jl4lhckynjdfpxw0000gn/C/com.apple.DeveloperTools/26.0.1-17A400/Xcode
    export CCHROOT\=/var/folders/lj/r59mn1s53jl4lhckynjdfpxw0000gn/C/com.apple.DeveloperTools/26.0.1-17A400/Xcode
    export CHMOD\=/bin/chmod
    export CHOWN\=/usr/sbin/chown
    export CLANG_ANALYZER_LOCALIZABILITY_NONLOCALIZED\=YES
    export CLANG_ANALYZER_NONNULL\=YES
    export CLANG_ANALYZER_NUMBER_OBJECT_CONVERSION\=YES_AGGRESSIVE
    export CLANG_CACHE_FINE_GRAINED_OUTPUTS\=YES
    export CLANG_COVERAGE_MAPPING\=YES
    export CLANG_CXX_LANGUAGE_STANDARD\=gnu++20
    export CLANG_ENABLE_EXPLICIT_MODULES\=YES
    export CLANG_ENABLE_MODULES\=YES
    export CLANG_ENABLE_OBJC_ARC\=YES
    export CLANG_ENABLE_OBJC_WEAK\=YES
    export CLANG_MODULES_BUILD_SESSION_FILE\=/Users/hisgarden/Library/Developer/Xcode/DerivedData/ModuleCache.noindex/Session.modulevalidation
    export CLANG_PROFILE_DATA_DIRECTORY\=/Users/hisgarden/Library/Developer/Xcode/DerivedData/QuickRecorder-hkqsdurnaueuugdwzzozbromwbdc/Build/ProfileData
    export CLANG_WARN_BLOCK_CAPTURE_AUTORELEASING\=YES
    export CLANG_WARN_BOOL_CONVERSION\=YES
    export CLANG_WARN_COMMA\=YES
    export CLANG_WARN_CONSTANT_CONVERSION\=YES
    export CLANG_WARN_DEPRECATED_OBJC_IMPLEMENTATIONS\=YES
    export CLANG_WARN_DIRECT_OBJC_ISA_USAGE\=YES_ERROR
    export CLANG_WARN_DOCUMENTATION_COMMENTS\=YES
    export CLANG_WARN_EMPTY_BODY\=YES
    export CLANG_WARN_ENUM_CONVERSION\=YES
    export CLANG_WARN_INFINITE_RECURSION\=YES
    export CLANG_WARN_INT_CONVERSION\=YES
    export CLANG_WARN_NON_LITERAL_NULL_CONVERSION\=YES
    export CLANG_WARN_OBJC_IMPLICIT_RETAIN_SELF\=YES
    export CLANG_WARN_OBJC_LITERAL_CONVERSION\=YES
    export CLANG_WARN_OBJC_ROOT_CLASS\=YES_ERROR
    export CLANG_WARN_QUOTED_INCLUDE_IN_FRAMEWORK_HEADER\=YES
    export CLANG_WARN_RANGE_LOOP_ANALYSIS\=YES
    export CLANG_WARN_STRICT_PROTOTYPES\=YES
    export CLANG_WARN_SUSPICIOUS_MOVE\=YES
    export CLANG_WARN_UNGUARDED_AVAILABILITY\=YES_AGGRESSIVE
    export CLANG_WARN_UNREACHABLE_CODE\=YES
    export CLANG_WARN__DUPLICATE_METHOD_MATCH\=YES
    export CLASS_FILE_DIR\=/Users/hisgarden/Library/Developer/Xcode/DerivedData/QuickRecorder-hkqsdurnaueuugdwzzozbromwbdc/Build/Intermediates.noindex/QuickRecorder.build/Debug/QuickRecorder.build/JavaClasses
    export CLEAN_PRECOMPS\=YES
    export CLONE_HEADERS\=NO
    export CODESIGNING_FOLDER_PATH\=/Users/hisgarden/Library/Developer/Xcode/DerivedData/QuickRecorder-hkqsdurnaueuugdwzzozbromwbdc/Build/Products/Debug/QuickRecorder.app
    export CODE_SIGNING_ALLOWED\=YES
    export CODE_SIGNING_REQUIRED\=YES
    export CODE_SIGN_ENTITLEMENTS\=QuickRecorder/QuickRecorder.entitlements
    export CODE_SIGN_IDENTITY\=Apple\ Development
    export CODE_SIGN_IDENTITY_NO\=Apple\ Development
    export CODE_SIGN_IDENTITY_YES\=-
    export CODE_SIGN_INJECT_BASE_ENTITLEMENTS\=YES
    export CODE_SIGN_STYLE\=Manual
    export COLOR_DIAGNOSTICS\=NO
    export COMBINE_HIDPI_IMAGES\=YES
    export COMPILATION_CACHE_CAS_PATH\=/Users/hisgarden/Library/Developer/Xcode/DerivedData/CompilationCache.noindex
    export COMPILATION_CACHE_KEEP_CAS_DIRECTORY\=YES
    export COMPILER_INDEX_STORE_ENABLE\=Default
    export COMPOSITE_SDK_DIRS\=/Users/hisgarden/Library/Developer/Xcode/DerivedData/QuickRecorder-hkqsdurnaueuugdwzzozbromwbdc/Build/Intermediates.noindex/CompositeSDKs
    export COMPRESS_PNG_FILES\=NO
    export CONFIGURATION\=Debug
    export CONFIGURATION_BUILD_DIR\=/Users/hisgarden/Library/Developer/Xcode/DerivedData/QuickRecorder-hkqsdurnaueuugdwzzozbromwbdc/Build/Products/Debug
    export CONFIGURATION_TEMP_DIR\=/Users/hisgarden/Library/Developer/Xcode/DerivedData/QuickRecorder-hkqsdurnaueuugdwzzozbromwbdc/Build/Intermediates.noindex/QuickRecorder.build/Debug
    export CONTENTS_FOLDER_PATH\=QuickRecorder.app/Contents
    export CONTENTS_FOLDER_PATH_SHALLOW_BUNDLE_NO\=QuickRecorder.app/Contents
    export CONTENTS_FOLDER_PATH_SHALLOW_BUNDLE_YES\=QuickRecorder.app
    export COPYING_PRESERVES_HFS_DATA\=NO
    export COPY_HEADERS_RUN_UNIFDEF\=NO
    export COPY_PHASE_STRIP\=NO
    export CP\=/bin/cp
    export CREATE_INFOPLIST_SECTION_IN_BINARY\=NO
    export CURRENT_ARCH\=undefined_arch
    export CURRENT_PROJECT_VERSION\=172
    export CURRENT_VARIANT\=normal
    export DEAD_CODE_STRIPPING\=YES
    export DEBUGGING_SYMBOLS\=YES
    export DEBUG_INFORMATION_FORMAT\=dwarf
    export DEBUG_INFORMATION_VERSION\=compiler-default
    export DEFAULT_COMPILER\=com.apple.compilers.llvm.clang.1_0
    export DEFAULT_DEXT_INSTALL_PATH\=/System/Library/DriverExtensions
    export DEFAULT_KEXT_INSTALL_PATH\=/System/Library/Extensions
    export DEFINES_MODULE\=NO
    export DEPLOYMENT_LOCATION\=NO
    export DEPLOYMENT_POSTPROCESSING\=NO
    export DEPLOYMENT_TARGET_SETTING_NAME\=MACOSX_DEPLOYMENT_TARGET
    export DEPLOYMENT_TARGET_SUGGESTED_VALUES\=10.13\ 10.14\ 10.15\ 11.0\ 11.1\ 11.2\ 11.3\ 11.4\ 11.5\ 12.0\ 12.2\ 12.3\ 12.4\ 13.0\ 13.1\ 13.2\ 13.3\ 13.4\ 13.5\ 14.0\ 14.1\ 14.2\ 14.3\ 14.4\ 14.5\ 14.6\ 15.0\ 15.1\ 15.2\ 15.3\ 15.4\ 15.5\ 15.6\ 26.0
    export DERIVED_FILES_DIR\=/Users/hisgarden/Library/Developer/Xcode/DerivedData/QuickRecorder-hkqsdurnaueuugdwzzozbromwbdc/Build/Intermediates.noindex/QuickRecorder.build/Debug/QuickRecorder.build/DerivedSources
    export DERIVED_FILE_DIR\=/Users/hisgarden/Library/Developer/Xcode/DerivedData/QuickRecorder-hkqsdurnaueuugdwzzozbromwbdc/Build/Intermediates.noindex/QuickRecorder.build/Debug/QuickRecorder.build/DerivedSources
    export DERIVED_SOURCES_DIR\=/Users/hisgarden/Library/Developer/Xcode/DerivedData/QuickRecorder-hkqsdurnaueuugdwzzozbromwbdc/Build/Intermediates.noindex/QuickRecorder.build/Debug/QuickRecorder.build/DerivedSources
    export DEVELOPER_APPLICATIONS_DIR\=/Applications/Xcode.app/Contents/Developer/Applications
    export DEVELOPER_BIN_DIR\=/Applications/Xcode.app/Contents/Developer/usr/bin
    export DEVELOPER_DIR\=/Applications/Xcode.app/Contents/Developer
    export DEVELOPER_FRAMEWORKS_DIR\=/Applications/Xcode.app/Contents/Developer/Library/Frameworks
    export DEVELOPER_FRAMEWORKS_DIR_QUOTED\=/Applications/Xcode.app/Contents/Developer/Library/Frameworks
    export DEVELOPER_LIBRARY_DIR\=/Applications/Xcode.app/Contents/Developer/Library
    export DEVELOPER_SDK_DIR\=/Applications/Xcode.app/Contents/Developer/Platforms/MacOSX.platform/Developer/SDKs
    export DEVELOPER_TOOLS_DIR\=/Applications/Xcode.app/Contents/Developer/Tools
    export DEVELOPER_USR_DIR\=/Applications/Xcode.app/Contents/Developer/usr
    export DEVELOPMENT_ASSET_PATHS\=\"QuickRecorder/Preview\ Content\"
    export DEVELOPMENT_LANGUAGE\=en
    export DEVELOPMENT_TEAM\=NSDC3EDS2G
    export DIAGNOSE_MISSING_TARGET_DEPENDENCIES\=YES
    export DIFF\=/usr/bin/diff
    export DOCUMENTATION_FOLDER_PATH\=QuickRecorder.app/Contents/Resources/en.lproj/Documentation
    export DONT_GENERATE_INFOPLIST_FILE\=NO
    export DSTROOT\=/tmp/QuickRecorder.dst
    export DT_TOOLCHAIN_DIR\=/Applications/Xcode.app/Contents/Developer/Toolchains/XcodeDefault.xctoolchain
    export DWARF_DSYM_FILE_NAME\=QuickRecorder.app.dSYM
    export DWARF_DSYM_FILE_SHOULD_ACCOMPANY_PRODUCT\=NO
    export DWARF_DSYM_FOLDER_PATH\=/Users/hisgarden/Library/Developer/Xcode/DerivedData/QuickRecorder-hkqsdurnaueuugdwzzozbromwbdc/Build/Products/Debug
    export DYNAMIC_LIBRARY_EXTENSION\=dylib
    export EAGER_COMPILATION_ALLOW_SCRIPTS\=YES
    export EAGER_LINKING\=NO
    export EMBEDDED_CONTENT_CONTAINS_SWIFT\=NO
    export EMBEDDED_PROFILE_NAME\=embedded.provisionprofile
    export EMBED_ASSET_PACKS_IN_PRODUCT_BUNDLE\=NO
    export EMBED_PACKAGE_RESOURCE_BUNDLE_NAMES\=\ KeyboardShortcuts_KeyboardShortcuts
    export ENABLE_APP_SANDBOX\=NO
    export ENABLE_CODE_COVERAGE\=YES
    export ENABLE_CPLUSPLUS_BOUNDS_SAFE_BUFFERS\=NO
    export ENABLE_C_BOUNDS_SAFETY\=NO
    export ENABLE_DEBUG_DYLIB\=YES
    export ENABLE_DEFAULT_HEADER_SEARCH_PATHS\=YES
    export ENABLE_DEFAULT_SEARCH_PATHS\=YES
    export ENABLE_ENHANCED_SECURITY\=NO
    export ENABLE_HARDENED_RUNTIME\=YES
    export ENABLE_HEADER_DEPENDENCIES\=YES
    export ENABLE_INCOMING_NETWORK_CONNECTIONS\=NO
    export ENABLE_ON_DEMAND_RESOURCES\=NO
    export ENABLE_OUTGOING_NETWORK_CONNECTIONS\=NO
    export ENABLE_POINTER_AUTHENTICATION\=NO
    export ENABLE_PREVIEWS\=NO
    export ENABLE_RESOURCE_ACCESS_AUDIO_INPUT\=NO
    export ENABLE_RESOURCE_ACCESS_BLUETOOTH\=NO
    export ENABLE_RESOURCE_ACCESS_CALENDARS\=NO
    export ENABLE_RESOURCE_ACCESS_CAMERA\=NO
    export ENABLE_RESOURCE_ACCESS_CONTACTS\=NO
    export ENABLE_RESOURCE_ACCESS_LOCATION\=NO
    export ENABLE_RESOURCE_ACCESS_PHOTO_LIBRARY\=NO
    export ENABLE_RESOURCE_ACCESS_PRINTING\=NO
    export ENABLE_RESOURCE_ACCESS_USB\=NO
    export ENABLE_SDK_IMPORTS\=NO
    export ENABLE_SECURITY_COMPILER_WARNINGS\=NO
    export ENABLE_STRICT_OBJC_MSGSEND\=YES
    export ENABLE_TESTABILITY\=YES
    export ENABLE_TESTING_SEARCH_PATHS\=NO
    export ENABLE_USER_SCRIPT_SANDBOXING\=YES
    export ENABLE_XOJIT_PREVIEWS\=YES
    export ENFORCE_VALID_ARCHS\=YES
    export ENTITLEMENTS_ALLOWED\=YES
    export ENTITLEMENTS_DESTINATION\=Signature
    export ENTITLEMENTS_REQUIRED\=NO
    export EXCLUDED_INSTALLSRC_SUBDIRECTORY_PATTERNS\=.DS_Store\ .svn\ .git\ .hg\ CVS
    export EXCLUDED_RECURSIVE_SEARCH_PATH_SUBDIRECTORIES\=\*.nib\ \*.lproj\ \*.framework\ \*.gch\ \*.xcode\*\ \*.xcassets\ \*.icon\ \(\*\)\ .DS_Store\ CVS\ .svn\ .git\ .hg\ \*.pbproj\ \*.pbxproj
    export EXECUTABLES_FOLDER_PATH\=QuickRecorder.app/Contents/Executables
    export EXECUTABLE_BLANK_INJECTION_DYLIB_PATH\=QuickRecorder.app/Contents/MacOS/__preview.dylib
    export EXECUTABLE_DEBUG_DYLIB_INSTALL_NAME\=@rpath/QuickRecorder.debug.dylib
    export EXECUTABLE_DEBUG_DYLIB_PATH\=QuickRecorder.app/Contents/MacOS/QuickRecorder.debug.dylib
    export EXECUTABLE_FOLDER_PATH\=QuickRecorder.app/Contents/MacOS
    export EXECUTABLE_FOLDER_PATH_SHALLOW_BUNDLE_NO\=QuickRecorder.app/Contents/MacOS
    export EXECUTABLE_FOLDER_PATH_SHALLOW_BUNDLE_YES\=QuickRecorder.app/Contents
    export EXECUTABLE_NAME\=QuickRecorder
    export EXECUTABLE_PATH\=QuickRecorder.app/Contents/MacOS/QuickRecorder
    export EXPANDED_CODE_SIGN_IDENTITY\=7632908D4CA47FDD53A63BABF990D63E9AF85ACE
    export EXPANDED_CODE_SIGN_IDENTITY_NAME\=Apple\ Development:\ Jin\ Wen\ \(Q74559T886\)
    export EXTENSIONS_FOLDER_PATH\=QuickRecorder.app/Contents/Extensions
    export FILE_LIST\=/Users/hisgarden/Library/Developer/Xcode/DerivedData/QuickRecorder-hkqsdurnaueuugdwzzozbromwbdc/Build/Intermediates.noindex/QuickRecorder.build/Debug/QuickRecorder.build/Objects/LinkFileList
    export FIXED_FILES_DIR\=/Users/hisgarden/Library/Developer/Xcode/DerivedData/QuickRecorder-hkqsdurnaueuugdwzzozbromwbdc/Build/Intermediates.noindex/QuickRecorder.build/Debug/QuickRecorder.build/FixedFiles
    export FRAMEWORKS_FOLDER_PATH\=QuickRecorder.app/Contents/Frameworks
    export FRAMEWORK_FLAG_PREFIX\=-framework
    export FRAMEWORK_SEARCH_PATHS\=/Users/hisgarden/Library/Developer/Xcode/DerivedData/QuickRecorder-hkqsdurnaueuugdwzzozbromwbdc/Build/Products/Debug/PackageFrameworks\ /Users/hisgarden/Library/Developer/Xcode/DerivedData/QuickRecorder-hkqsdurnaueuugdwzzozbromwbdc/Build/Products/Debug/PackageFrameworks\ /Users/hisgarden/Library/Developer/Xcode/DerivedData/QuickRecorder-hkqsdurnaueuugdwzzozbromwbdc/Build/Products/Debug/PackageFrameworks\ /Users/hisgarden/Library/Developer/Xcode/DerivedData/QuickRecorder-hkqsdurnaueuugdwzzozbromwbdc/Build/Products/Debug/PackageFrameworks\ /Users/hisgarden/Library/Developer/Xcode/DerivedData/QuickRecorder-hkqsdurnaueuugdwzzozbromwbdc/Build/Products/Debug/PackageFrameworks\ /Users/hisgarden/Library/Developer/Xcode/DerivedData/QuickRecorder-hkqsdurnaueuugdwzzozbromwbdc/Build/Products/Debug\ 
    export FRAMEWORK_VERSION\=A
    export FULL_PRODUCT_NAME\=QuickRecorder.app
    export FUSE_BUILD_PHASES\=YES
    export FUSE_BUILD_SCRIPT_PHASES\=NO
    export GCC3_VERSION\=3.3
    export GCC_C_LANGUAGE_STANDARD\=gnu17
    export GCC_DYNAMIC_NO_PIC\=NO
    export GCC_INLINES_ARE_PRIVATE_EXTERN\=YES
    export GCC_NO_COMMON_BLOCKS\=YES
    export GCC_OPTIMIZATION_LEVEL\=0
    export GCC_PFE_FILE_C_DIALECTS\=c\ objective-c\ c++\ objective-c++
    export GCC_PREPROCESSOR_DEFINITIONS\=DEBUG\=1\ 
    export GCC_SYMBOLS_PRIVATE_EXTERN\=NO
    export GCC_TREAT_WARNINGS_AS_ERRORS\=NO
    export GCC_VERSION\=com.apple.compilers.llvm.clang.1_0
    export GCC_VERSION_IDENTIFIER\=com_apple_compilers_llvm_clang_1_0
    export GCC_WARN_64_TO_32_BIT_CONVERSION\=YES
    export GCC_WARN_ABOUT_RETURN_TYPE\=YES_ERROR
    export GCC_WARN_UNDECLARED_SELECTOR\=YES
    export GCC_WARN_UNINITIALIZED_AUTOS\=YES_AGGRESSIVE
    export GCC_WARN_UNUSED_FUNCTION\=YES
    export GCC_WARN_UNUSED_VARIABLE\=YES
    export GENERATED_MODULEMAP_DIR\=/Users/hisgarden/Library/Developer/Xcode/DerivedData/QuickRecorder-hkqsdurnaueuugdwzzozbromwbdc/Build/Intermediates.noindex/GeneratedModuleMaps
    export GENERATE_INFOPLIST_FILE\=YES
    export GENERATE_INTERMEDIATE_TEXT_BASED_STUBS\=YES
    export GENERATE_PKGINFO_FILE\=YES
    export GENERATE_PRELINK_OBJECT_FILE\=NO
    export GENERATE_PROFILING_CODE\=NO
    export GENERATE_TEXT_BASED_STUBS\=NO
    export GID\=20
    export GROUP\=staff
    export HEADERMAP_INCLUDES_FLAT_ENTRIES_FOR_TARGET_BEING_BUILT\=YES
    export HEADERMAP_INCLUDES_FRAMEWORK_ENTRIES_FOR_ALL_PRODUCT_TYPES\=YES
    export HEADERMAP_INCLUDES_FRAMEWORK_ENTRIES_FOR_TARGETS_NOT_BEING_BUILT\=YES
    export HEADERMAP_INCLUDES_NONPUBLIC_NONPRIVATE_HEADERS\=YES
    export HEADERMAP_INCLUDES_PROJECT_HEADERS\=YES
    export HEADERMAP_USES_FRAMEWORK_PREFIX_ENTRIES\=YES
    export HEADERMAP_USES_VFS\=NO
    export HEADER_SEARCH_PATHS\=/Users/hisgarden/Library/Developer/Xcode/DerivedData/QuickRecorder-hkqsdurnaueuugdwzzozbromwbdc/SourcePackages/checkouts/SwiftLAME/Sources/LAME/include\ /Users/hisgarden/Library/Developer/Xcode/DerivedData/QuickRecorder-hkqsdurnaueuugdwzzozbromwbdc/Build/Products/Debug/include\ 
    export HOME\=/Users/hisgarden
    export HOST_ARCH\=arm64
    export HOST_PLATFORM\=macosx
    export ICONV\=/usr/bin/iconv
    export IMPLICIT_DEPENDENCY_DOMAIN\=default
    export INFOPLIST_ENABLE_CFBUNDLEICONS_MERGE\=YES
    export INFOPLIST_EXPAND_BUILD_SETTINGS\=YES
    export INFOPLIST_FILE\=QuickRecorder/Info.plist
    export INFOPLIST_KEY_LSApplicationCategoryType\=public.app-category.utilities
    export INFOPLIST_KEY_LSUIElement\=YES
    export INFOPLIST_KEY_NSCameraUsageDescription\=QuickRecorder\ needs\ this\ permission\ to\ record\ your\ camera\ and\ mobile\ device.
    export INFOPLIST_KEY_NSHumanReadableCopyright\=Copyright\ ©\ 2025\ hisgarden.\ All\ rights\ reserved.
    export INFOPLIST_KEY_NSMicrophoneUsageDescription\=QuickRecorder\ needs\ this\ permission\ to\ record\ your\ voice.
    export INFOPLIST_OUTPUT_FORMAT\=same-as-input
    export INFOPLIST_PATH\=QuickRecorder.app/Contents/Info.plist
    export INFOPLIST_PREPROCESS\=NO
    export INFOSTRINGS_PATH\=QuickRecorder.app/Contents/Resources/en.lproj/InfoPlist.strings
    export INLINE_PRIVATE_FRAMEWORKS\=NO
    export INSTALLAPI_IGNORE_SKIP_INSTALL\=YES
    export INSTALLHDRS_COPY_PHASE\=NO
    export INSTALLHDRS_SCRIPT_PHASE\=NO
    export INSTALL_DIR\=/tmp/QuickRecorder.dst/Applications
    export INSTALL_GROUP\=staff
    export INSTALL_MODE_FLAG\=u+w,go-w,a+rX
    export INSTALL_OWNER\=hisgarden
    export INSTALL_PATH\=/Applications
    export INSTALL_ROOT\=/tmp/QuickRecorder.dst
    export IOS_UNZIPPERED_TWIN_PREFIX_PATH\=/System/iOSSupport
    export IS_MACCATALYST\=NO
    export IS_UNOPTIMIZED_BUILD\=YES
    export JAVAC_DEFAULT_FLAGS\=-J-Xms64m\ -J-XX:NewSize\=4M\ -J-Dfile.encoding\=UTF8
    export JAVA_APP_STUB\=/System/Library/Frameworks/JavaVM.framework/Resources/MacOS/JavaApplicationStub
    export JAVA_ARCHIVE_CLASSES\=YES
    export JAVA_ARCHIVE_TYPE\=JAR
    export JAVA_COMPILER\=/usr/bin/javac
    export JAVA_FOLDER_PATH\=QuickRecorder.app/Contents/Resources/Java
    export JAVA_FRAMEWORK_RESOURCES_DIRS\=Resources
    export JAVA_JAR_FLAGS\=cv
    export JAVA_SOURCE_SUBDIR\=.
    export JAVA_USE_DEPENDENCIES\=YES
    export JAVA_ZIP_FLAGS\=-urg
    export JIKES_DEFAULT_FLAGS\=+E\ +OLDCSO
    export KASAN_CFLAGS_CLASSIC\=-DKASAN\=1\ -DKASAN_CLASSIC\=1\ -fsanitize\=address\ -mllvm\ -asan-globals-live-support\ -mllvm\ -asan-force-dynamic-shadow
    export KASAN_CFLAGS_TBI\=-DKASAN\=1\ -DKASAN_TBI\=1\ -fsanitize\=kernel-hwaddress\ -mllvm\ -hwasan-recover\=0\ -mllvm\ -hwasan-instrument-atomics\=0\ -mllvm\ -hwasan-instrument-stack\=1\ -mllvm\ -hwasan-generate-tags-with-calls\=1\ -mllvm\ -hwasan-instrument-with-calls\=1\ -mllvm\ -hwasan-use-short-granules\=0\ -mllvm\ -hwasan-memory-access-callback-prefix\=__asan_
    export KASAN_DEFAULT_CFLAGS\=-DKASAN\=1\ -DKASAN_CLASSIC\=1\ -fsanitize\=address\ -mllvm\ -asan-globals-live-support\ -mllvm\ -asan-force-dynamic-shadow
    export KEEP_PRIVATE_EXTERNS\=NO
    export LD_DEPENDENCY_INFO_FILE\=/Users/hisgarden/Library/Developer/Xcode/DerivedData/QuickRecorder-hkqsdurnaueuugdwzzozbromwbdc/Build/Intermediates.noindex/QuickRecorder.build/Debug/QuickRecorder.build/Objects-normal/undefined_arch/QuickRecorder_dependency_info.dat
    export LD_EXPORT_SYMBOLS\=YES
    export LD_GENERATE_MAP_FILE\=NO
    export LD_MAP_FILE_PATH\=/Users/hisgarden/Library/Developer/Xcode/DerivedData/QuickRecorder-hkqsdurnaueuugdwzzozbromwbdc/Build/Intermediates.noindex/QuickRecorder.build/Debug/QuickRecorder.build/QuickRecorder-LinkMap-normal-undefined_arch.txt
    export LD_NO_PIE\=NO
    export LD_QUOTE_LINKER_ARGUMENTS_FOR_COMPILER_DRIVER\=YES
    export LD_RUNPATH_SEARCH_PATHS\=/Users/hisgarden/Library/Developer/Xcode/DerivedData/QuickRecorder-hkqsdurnaueuugdwzzozbromwbdc/Build/Products/Debug/PackageFrameworks\ /Users/hisgarden/Library/Developer/Xcode/DerivedData/QuickRecorder-hkqsdurnaueuugdwzzozbromwbdc/Build/Products/Debug/PackageFrameworks\ /Users/hisgarden/Library/Developer/Xcode/DerivedData/QuickRecorder-hkqsdurnaueuugdwzzozbromwbdc/Build/Products/Debug/PackageFrameworks\ /Users/hisgarden/Library/Developer/Xcode/DerivedData/QuickRecorder-hkqsdurnaueuugdwzzozbromwbdc/Build/Products/Debug/PackageFrameworks\ /Users/hisgarden/Library/Developer/Xcode/DerivedData/QuickRecorder-hkqsdurnaueuugdwzzozbromwbdc/Build/Products/Debug/PackageFrameworks\ \ @executable_path/../Frameworks
    export LD_RUNPATH_SEARCH_PATHS_YES\=@loader_path/../Frameworks
    export LD_SHARED_CACHE_ELIGIBLE\=Automatic
    export LD_WARN_DUPLICATE_LIBRARIES\=NO
    export LD_WARN_UNUSED_DYLIBS\=NO
    export LEGACY_DEVELOPER_DIR\=/Applications/Xcode.app/Contents/PlugIns/Xcode3Core.ideplugin/Contents/SharedSupport/Developer
    export LEX\=lex
    export LIBRARY_DEXT_INSTALL_PATH\=/Library/DriverExtensions
    export LIBRARY_FLAG_NOSPACE\=YES
    export LIBRARY_FLAG_PREFIX\=-l
    export LIBRARY_KEXT_INSTALL_PATH\=/Library/Extensions
    export LIBRARY_SEARCH_PATHS\=/Users/hisgarden/Library/Developer/Xcode/DerivedData/QuickRecorder-hkqsdurnaueuugdwzzozbromwbdc/Build/Products/Debug\ 
    export LINKER_DISPLAYS_MANGLED_NAMES\=NO
    export LINK_FILE_LIST_normal_arm64\=/Users/hisgarden/Library/Developer/Xcode/DerivedData/QuickRecorder-hkqsdurnaueuugdwzzozbromwbdc/Build/Intermediates.noindex/QuickRecorder.build/Debug/QuickRecorder.build/Objects-normal/arm64/QuickRecorder.LinkFileList
    export LINK_OBJC_RUNTIME\=YES
    export LINK_WITH_STANDARD_LIBRARIES\=YES
    export LLVM_TARGET_TRIPLE_OS_VERSION\=macos12.3
    export LLVM_TARGET_TRIPLE_OS_VERSION_NO\=macos12.3
    export LLVM_TARGET_TRIPLE_OS_VERSION_YES\=macos26.0
    export LLVM_TARGET_TRIPLE_VENDOR\=apple
    export LM_AUX_CONST_METADATA_LIST_PATH_normal_arm64\=/Users/hisgarden/Library/Developer/Xcode/DerivedData/QuickRecorder-hkqsdurnaueuugdwzzozbromwbdc/Build/Intermediates.noindex/QuickRecorder.build/Debug/QuickRecorder.build/Objects-normal/arm64/QuickRecorder.SwiftConstValuesFileList
    export LOCALIZATION_EXPORT_SUPPORTED\=YES
    export LOCALIZATION_PREFERS_STRING_CATALOGS\=YES
    export LOCALIZED_RESOURCES_FOLDER_PATH\=QuickRecorder.app/Contents/Resources/en.lproj
    export LOCALIZED_STRING_MACRO_NAMES\=NSLocalizedString\ CFCopyLocalizedString
    export LOCALIZED_STRING_SWIFTUI_SUPPORT\=YES
    export LOCAL_ADMIN_APPS_DIR\=/Applications/Utilities
    export LOCAL_APPS_DIR\=/Applications
    export LOCAL_DEVELOPER_DIR\=/Library/Developer
    export LOCAL_LIBRARY_DIR\=/Library
    export LOCROOT\=/Users/hisgarden/workspace/util/QuickRecorder
    export LOCSYMROOT\=/Users/hisgarden/workspace/util/QuickRecorder
    export MACH_O_TYPE\=mh_execute
    export MACOSX_DEPLOYMENT_TARGET\=12.3
    export MAC_OS_X_PRODUCT_BUILD_VERSION\=25C56
    export MAC_OS_X_VERSION_ACTUAL\=260200
    export MAC_OS_X_VERSION_MAJOR\=260000
    export MAC_OS_X_VERSION_MINOR\=260200
    export MAKE_MERGEABLE\=NO
    export MARKETING_VERSION\=1.7.2
    export MERGEABLE_LIBRARY\=NO
    export MERGED_BINARY_TYPE\=none
    export MERGE_LINKED_LIBRARIES\=NO
    export METAL_LIBRARY_FILE_BASE\=default
    export METAL_LIBRARY_OUTPUT_DIR\=/Users/hisgarden/Library/Developer/Xcode/DerivedData/QuickRecorder-hkqsdurnaueuugdwzzozbromwbdc/Build/Products/Debug/QuickRecorder.app/Contents/Resources
    export MODULES_FOLDER_PATH\=QuickRecorder.app/Contents/Modules
    export MODULE_CACHE_DIR\=/Users/hisgarden/Library/Developer/Xcode/DerivedData/ModuleCache.noindex
    export MTL_ENABLE_DEBUG_INFO\=INCLUDE_SOURCE
    export MTL_FAST_MATH\=YES
    export NATIVE_ARCH\=arm64
    export NATIVE_ARCH_32_BIT\=arm
    export NATIVE_ARCH_64_BIT\=arm64
    export NATIVE_ARCH_ACTUAL\=arm64
    export NO_COMMON\=YES
    export OBJECT_FILE_DIR\=/Users/hisgarden/Library/Developer/Xcode/DerivedData/QuickRecorder-hkqsdurnaueuugdwzzozbromwbdc/Build/Intermediates.noindex/QuickRecorder.build/Debug/QuickRecorder.build/Objects
    export OBJECT_FILE_DIR_normal\=/Users/hisgarden/Library/Developer/Xcode/DerivedData/QuickRecorder-hkqsdurnaueuugdwzzozbromwbdc/Build/Intermediates.noindex/QuickRecorder.build/Debug/QuickRecorder.build/Objects-normal
    export OBJROOT\=/Users/hisgarden/Library/Developer/Xcode/DerivedData/QuickRecorder-hkqsdurnaueuugdwzzozbromwbdc/Build/Intermediates.noindex
    export ONLY_ACTIVE_ARCH\=YES
    export OS\=MACOS
    export OSAC\=/usr/bin/osacompile
    export OTHER_CFLAGS\=-fmodule-map-file\=/Users/hisgarden/Library/Developer/Xcode/DerivedData/QuickRecorder-hkqsdurnaueuugdwzzozbromwbdc/Build/Intermediates.noindex/GeneratedModuleMaps/MatrixColorSelector.modulemap\ -fmodule-map-file\=/Users/hisgarden/Library/Developer/Xcode/DerivedData/QuickRecorder-hkqsdurnaueuugdwzzozbromwbdc/Build/Intermediates.noindex/GeneratedModuleMaps/KeyboardShortcuts.modulemap\ -fmodule-map-file\=/Users/hisgarden/Library/Developer/Xcode/DerivedData/QuickRecorder-hkqsdurnaueuugdwzzozbromwbdc/Build/Intermediates.noindex/GeneratedModuleMaps/LAME.modulemap\ -fmodule-map-file\=/Users/hisgarden/Library/Developer/Xcode/DerivedData/QuickRecorder-hkqsdurnaueuugdwzzozbromwbdc/Build/Intermediates.noindex/GeneratedModuleMaps/SwiftLAME.modulemap\ -fmodule-map-file\=/Users/hisgarden/Library/Developer/Xcode/DerivedData/QuickRecorder-hkqsdurnaueuugdwzzozbromwbdc/Build/Intermediates.noindex/GeneratedModuleMaps/AECAudioStream.modulemap\ 
    export OTHER_CPLUSPLUSFLAGS\=-fmodule-map-file\=/Users/hisgarden/Library/Developer/Xcode/DerivedData/QuickRecorder-hkqsdurnaueuugdwzzozbromwbdc/Build/Intermediates.noindex/GeneratedModuleMaps/MatrixColorSelector.modulemap\ -fmodule-map-file\=/Users/hisgarden/Library/Developer/Xcode/DerivedData/QuickRecorder-hkqsdurnaueuugdwzzozbromwbdc/Build/Intermediates.noindex/GeneratedModuleMaps/KeyboardShortcuts.modulemap\ -fmodule-map-file\=/Users/hisgarden/Library/Developer/Xcode/DerivedData/QuickRecorder-hkqsdurnaueuugdwzzozbromwbdc/Build/Intermediates.noindex/GeneratedModuleMaps/LAME.modulemap\ -fmodule-map-file\=/Users/hisgarden/Library/Developer/Xcode/DerivedData/QuickRecorder-hkqsdurnaueuugdwzzozbromwbdc/Build/Intermediates.noindex/GeneratedModuleMaps/SwiftLAME.modulemap\ -fmodule-map-file\=/Users/hisgarden/Library/Developer/Xcode/DerivedData/QuickRecorder-hkqsdurnaueuugdwzzozbromwbdc/Build/Intermediates.noindex/GeneratedModuleMaps/AECAudioStream.modulemap\ 
    export OTHER_LDFLAGS\=-Wl,-no_warn_duplicate_libraries\ -Wl,-no_warn_duplicate_libraries\ -Wl,-no_warn_duplicate_libraries\ -Wl,-no_warn_duplicate_libraries\ -Wl,-no_warn_duplicate_libraries\ 
    export OTHER_SWIFT_FLAGS\=-Xcc\ -fmodule-map-file\=/Users/hisgarden/Library/Developer/Xcode/DerivedData/QuickRecorder-hkqsdurnaueuugdwzzozbromwbdc/Build/Intermediates.noindex/GeneratedModuleMaps/LAME.modulemap\ 
    export PACKAGE_TYPE\=com.apple.package-type.wrapper.application
    export PASCAL_STRINGS\=YES
    export PATH\=/Applications/Xcode.app/Contents/SharedFrameworks/SwiftBuild.framework/Versions/A/PlugIns/SWBBuildService.bundle/Contents/PlugIns/SWBUniversalPlatformPlugin.bundle/Contents/Frameworks/SWBUniversalPlatform.framework/Resources:/Applications/Xcode.app/Contents/Developer/Toolchains/XcodeDefault.xctoolchain/usr/bin:/Applications/Xcode.app/Contents/Developer/Toolchains/XcodeDefault.xctoolchain/usr/local/bin:/Applications/Xcode.app/Contents/Developer/Toolchains/XcodeDefault.xctoolchain/usr/libexec:/Applications/Xcode.app/Contents/Developer/Platforms/MacOSX.platform/usr/bin:/Applications/Xcode.app/Contents/Developer/Platforms/MacOSX.platform/usr/local/bin:/Applications/Xcode.app/Contents/Developer/Platforms/MacOSX.platform/Developer/usr/bin:/Applications/Xcode.app/Contents/Developer/Platforms/MacOSX.platform/Developer/usr/local/bin:/Applications/Xcode.app/Contents/Developer/usr/bin:/Applications/Xcode.app/Contents/Developer/usr/local/bin:/Users/hisgarden/.bun/bin:/Users/hisgarden/workspace/container/bin:/Users/hisgarden/workspace/container/bin/debug/staging/bin:/Users/hisgarden/.local/bin:/opt/homebrew/bin:/opt/homebrew/sbin:/usr/local/bin:/System/Cryptexes/App/usr/bin:/usr/bin:/bin:/usr/sbin:/sbin:/var/run/com.apple.security.cryptexd/codex.system/bootstrap/usr/local/bin:/var/run/com.apple.security.cryptexd/codex.system/bootstrap/usr/bin:/var/run/com.apple.security.cryptexd/codex.system/bootstrap/usr/appleinternal/bin:/opt/pmk/env/global/bin:/Library/Apple/usr/bin:/Users/hisgarden/.lmstudio/bin
    export PATH_PREFIXES_EXCLUDED_FROM_HEADER_DEPENDENCIES\=/usr/include\ /usr/local/include\ /System/Library/Frameworks\ /System/Library/PrivateFrameworks\ /Applications/Xcode.app/Contents/Developer/Headers\ /Applications/Xcode.app/Contents/Developer/SDKs\ /Applications/Xcode.app/Contents/Developer/Platforms
    export PBDEVELOPMENTPLIST_PATH\=QuickRecorder.app/Contents/pbdevelopment.plist
    export PER_ARCH_MODULE_FILE_DIR\=/Users/hisgarden/Library/Developer/Xcode/DerivedData/QuickRecorder-hkqsdurnaueuugdwzzozbromwbdc/Build/Intermediates.noindex/QuickRecorder.build/Debug/QuickRecorder.build/Objects-normal/undefined_arch
    export PER_ARCH_OBJECT_FILE_DIR\=/Users/hisgarden/Library/Developer/Xcode/DerivedData/QuickRecorder-hkqsdurnaueuugdwzzozbromwbdc/Build/Intermediates.noindex/QuickRecorder.build/Debug/QuickRecorder.build/Objects-normal/undefined_arch
    export PER_VARIANT_OBJECT_FILE_DIR\=/Users/hisgarden/Library/Developer/Xcode/DerivedData/QuickRecorder-hkqsdurnaueuugdwzzozbromwbdc/Build/Intermediates.noindex/QuickRecorder.build/Debug/QuickRecorder.build/Objects-normal
    export PKGINFO_FILE_PATH\=/Users/hisgarden/Library/Developer/Xcode/DerivedData/QuickRecorder-hkqsdurnaueuugdwzzozbromwbdc/Build/Intermediates.noindex/QuickRecorder.build/Debug/QuickRecorder.build/PkgInfo
    export PKGINFO_PATH\=QuickRecorder.app/Contents/PkgInfo
    export PLATFORM_DEVELOPER_APPLICATIONS_DIR\=/Applications/Xcode.app/Contents/Developer/Applications
    export PLATFORM_DEVELOPER_BIN_DIR\=/Applications/Xcode.app/Contents/Developer/usr/bin
    export PLATFORM_DEVELOPER_LIBRARY_DIR\=/Applications/Xcode.app/Contents/Developer/Library
    export PLATFORM_DEVELOPER_SDK_DIR\=/Applications/Xcode.app/Contents/Developer/Platforms/MacOSX.platform/Developer/SDKs
    export PLATFORM_DEVELOPER_TOOLS_DIR\=/Applications/Xcode.app/Contents/Developer/Tools
    export PLATFORM_DEVELOPER_USR_DIR\=/Applications/Xcode.app/Contents/Developer/usr
    export PLATFORM_DIR\=/Applications/Xcode.app/Contents/Developer/Platforms/MacOSX.platform
    export PLATFORM_DISPLAY_NAME\=macOS
    export PLATFORM_FAMILY_NAME\=macOS
    export PLATFORM_NAME\=macosx
    export PLATFORM_PREFERRED_ARCH\=x86_64
    export PLATFORM_PRODUCT_BUILD_VERSION\=25A352
    export PLATFORM_REQUIRES_SWIFT_AUTOLINK_EXTRACT\=NO
    export PLATFORM_REQUIRES_SWIFT_MODULEWRAP\=NO
    export PLIST_FILE_OUTPUT_FORMAT\=same-as-input
    export PLUGINS_FOLDER_PATH\=QuickRecorder.app/Contents/PlugIns
    export PRECOMPS_INCLUDE_HEADERS_FROM_BUILT_PRODUCTS_DIR\=YES
    export PRECOMP_DESTINATION_DIR\=/Users/hisgarden/Library/Developer/Xcode/DerivedData/QuickRecorder-hkqsdurnaueuugdwzzozbromwbdc/Build/Intermediates.noindex/QuickRecorder.build/Debug/QuickRecorder.build/PrefixHeaders
    export PRIVATE_HEADERS_FOLDER_PATH\=QuickRecorder.app/Contents/PrivateHeaders
    export PROCESSED_INFOPLIST_PATH\=/Users/hisgarden/Library/Developer/Xcode/DerivedData/QuickRecorder-hkqsdurnaueuugdwzzozbromwbdc/Build/Intermediates.noindex/QuickRecorder.build/Debug/QuickRecorder.build/Objects-normal/undefined_arch/Processed-Info.plist
    export PRODUCT_BUNDLE_IDENTIFIER\=dev.hisgarden.QuickRecorder
    export PRODUCT_BUNDLE_PACKAGE_TYPE\=APPL
    export PRODUCT_MODULE_NAME\=QuickRecorder
    export PRODUCT_NAME\=QuickRecorder
    export PRODUCT_SETTINGS_PATH\=/Users/hisgarden/workspace/util/QuickRecorder/QuickRecorder/Info.plist
    export PRODUCT_TYPE\=com.apple.product-type.application
    export PROFILING_CODE\=NO
    export PROJECT\=QuickRecorder
    export PROJECT_DERIVED_FILE_DIR\=/Users/hisgarden/Library/Developer/Xcode/DerivedData/QuickRecorder-hkqsdurnaueuugdwzzozbromwbdc/Build/Intermediates.noindex/QuickRecorder.build/DerivedSources
    export PROJECT_DIR\=/Users/hisgarden/workspace/util/QuickRecorder
    export PROJECT_FILE_PATH\=/Users/hisgarden/workspace/util/QuickRecorder/QuickRecorder.xcodeproj
    export PROJECT_GUID\=cebdb4e604a87537c9303e26f9c0c02e
    export PROJECT_NAME\=QuickRecorder
    export PROJECT_TEMP_DIR\=/Users/hisgarden/Library/Developer/Xcode/DerivedData/QuickRecorder-hkqsdurnaueuugdwzzozbromwbdc/Build/Intermediates.noindex/QuickRecorder.build
    export PROJECT_TEMP_ROOT\=/Users/hisgarden/Library/Developer/Xcode/DerivedData/QuickRecorder-hkqsdurnaueuugdwzzozbromwbdc/Build/Intermediates.noindex
    export PROVISIONING_PROFILE_REQUIRED\=NO
    export PROVISIONING_PROFILE_REQUIRED_YES_YES\=YES
    export PROVISIONING_PROFILE_SUPPORTED\=YES
    export PUBLIC_HEADERS_FOLDER_PATH\=QuickRecorder.app/Contents/Headers
    export RECOMMENDED_MACOSX_DEPLOYMENT_TARGET\=11.0
    export RECURSIVE_SEARCH_PATHS_FOLLOW_SYMLINKS\=YES
    export REMOVE_CVS_FROM_RESOURCES\=YES
    export REMOVE_GIT_FROM_RESOURCES\=YES
    export REMOVE_HEADERS_FROM_EMBEDDED_BUNDLES\=YES
    export REMOVE_HG_FROM_RESOURCES\=YES
    export REMOVE_STATIC_EXECUTABLES_FROM_EMBEDDED_BUNDLES\=YES
    export REMOVE_SVN_FROM_RESOURCES\=YES
    export RESCHEDULE_INDEPENDENT_HEADERS_PHASES\=YES
    export REZ_COLLECTOR_DIR\=/Users/hisgarden/Library/Developer/Xcode/DerivedData/QuickRecorder-hkqsdurnaueuugdwzzozbromwbdc/Build/Intermediates.noindex/QuickRecorder.build/Debug/QuickRecorder.build/ResourceManagerResources
    export REZ_OBJECTS_DIR\=/Users/hisgarden/Library/Developer/Xcode/DerivedData/QuickRecorder-hkqsdurnaueuugdwzzozbromwbdc/Build/Intermediates.noindex/QuickRecorder.build/Debug/QuickRecorder.build/ResourceManagerResources/Objects
    export REZ_SEARCH_PATHS\=/Users/hisgarden/Library/Developer/Xcode/DerivedData/QuickRecorder-hkqsdurnaueuugdwzzozbromwbdc/Build/Products/Debug\ 
    export RUNTIME_EXCEPTION_ALLOW_DYLD_ENVIRONMENT_VARIABLES\=NO
    export RUNTIME_EXCEPTION_ALLOW_JIT\=NO
    export RUNTIME_EXCEPTION_ALLOW_UNSIGNED_EXECUTABLE_MEMORY\=NO
    export RUNTIME_EXCEPTION_DEBUGGING_TOOL\=NO
    export RUNTIME_EXCEPTION_DISABLE_EXECUTABLE_PAGE_PROTECTION\=NO
    export RUNTIME_EXCEPTION_DISABLE_LIBRARY_VALIDATION\=NO
    export SCAN_ALL_SOURCE_FILES_FOR_INCLUDES\=NO
    export SCRIPTS_FOLDER_PATH\=QuickRecorder.app/Contents/Resources/Scripts
    export SCRIPT_INPUT_FILE_COUNT\=0
    export SCRIPT_INPUT_FILE_LIST_COUNT\=0
    export SCRIPT_OUTPUT_FILE_COUNT\=0
    export SCRIPT_OUTPUT_FILE_LIST_COUNT\=0
    export SDKROOT\=/Applications/Xcode.app/Contents/Developer/Platforms/MacOSX.platform/Developer/SDKs/MacOSX26.0.sdk
    export SDK_DIR\=/Applications/Xcode.app/Contents/Developer/Platforms/MacOSX.platform/Developer/SDKs/MacOSX26.0.sdk
    export SDK_DIR_macosx\=/Applications/Xcode.app/Contents/Developer/Platforms/MacOSX.platform/Developer/SDKs/MacOSX26.0.sdk
    export SDK_DIR_macosx26_0\=/Applications/Xcode.app/Contents/Developer/Platforms/MacOSX.platform/Developer/SDKs/MacOSX26.0.sdk
    export SDK_NAME\=macosx26.0
    export SDK_NAMES\=macosx26.0
    export SDK_PRODUCT_BUILD_VERSION\=25A352
    export SDK_STAT_CACHE_DIR\=/Users/hisgarden/Library/Developer/Xcode/DerivedData
    export SDK_STAT_CACHE_ENABLE\=YES
    export SDK_STAT_CACHE_PATH\=/Users/hisgarden/Library/Developer/Xcode/DerivedData/SDKStatCaches.noindex/macosx26.0-25A352-28806144b0707e398aac92880fa50324.sdkstatcache
    export SDK_VERSION\=26.0
    export SDK_VERSION_ACTUAL\=260000
    export SDK_VERSION_MAJOR\=260000
    export SDK_VERSION_MINOR\=260000
    export SED\=/usr/bin/sed
    export SEPARATE_STRIP\=NO
    export SEPARATE_SYMBOL_EDIT\=NO
    export SET_DIR_MODE_OWNER_GROUP\=YES
    export SET_FILE_MODE_OWNER_GROUP\=NO
    export SHALLOW_BUNDLE\=NO
    export SHALLOW_BUNDLE_PLATFORM\=NO
    export SHALLOW_BUNDLE_TRIPLE\=macos
    export SHALLOW_BUNDLE_ios_macabi\=NO
    export SHALLOW_BUNDLE_macos\=NO
    export SHARED_DERIVED_FILE_DIR\=/Users/hisgarden/Library/Developer/Xcode/DerivedData/QuickRecorder-hkqsdurnaueuugdwzzozbromwbdc/Build/Products/Debug/DerivedSources
    export SHARED_FRAMEWORKS_FOLDER_PATH\=QuickRecorder.app/Contents/SharedFrameworks
    export SHARED_PRECOMPS_DIR\=/Users/hisgarden/Library/Developer/Xcode/DerivedData/QuickRecorder-hkqsdurnaueuugdwzzozbromwbdc/Build/Intermediates.noindex/PrecompiledHeaders
    export SHARED_SUPPORT_FOLDER_PATH\=QuickRecorder.app/Contents/SharedSupport
    export SKIP_INSTALL\=NO
    export SOURCE_ROOT\=/Users/hisgarden/workspace/util/QuickRecorder
    export SRCROOT\=/Users/hisgarden/workspace/util/QuickRecorder
    export STRINGSDATA_DIR\=/Users/hisgarden/Library/Developer/Xcode/DerivedData/QuickRecorder-hkqsdurnaueuugdwzzozbromwbdc/Build/Intermediates.noindex/QuickRecorder.build/Debug/QuickRecorder.build/Objects-normal/undefined_arch
    export STRINGSDATA_ROOT\=/Users/hisgarden/Library/Developer/Xcode/DerivedData/QuickRecorder-hkqsdurnaueuugdwzzozbromwbdc/Build/Intermediates.noindex/QuickRecorder.build/Debug/QuickRecorder.build
    export STRINGS_FILE_INFOPLIST_RENAME\=YES
    export STRINGS_FILE_OUTPUT_ENCODING\=UTF-16
    export STRING_CATALOG_GENERATE_SYMBOLS\=NO
    export STRIP_BITCODE_FROM_COPIED_FILES\=NO
    export STRIP_INSTALLED_PRODUCT\=NO
    export STRIP_PNG_TEXT\=NO
    export STRIP_STYLE\=all
    export STRIP_SWIFT_SYMBOLS\=YES
    export SUPPORTED_PLATFORMS\=macosx
    export SUPPORTS_MACCATALYST\=NO
    export SUPPORTS_ON_DEMAND_RESOURCES\=NO
    export SUPPORTS_TEXT_BASED_API\=NO
    export SUPPRESS_WARNINGS\=NO
    export SWIFT_ACTIVE_COMPILATION_CONDITIONS\=DEBUG\ 
    export SWIFT_EMIT_CONST_VALUE_PROTOCOLS\=AppIntent\ EntityQuery\ AppEntity\ TransientEntity\ AppEnum\ AppShortcutProviding\ AppShortcutsProvider\ AnyResolverProviding\ AppIntentsPackage\ DynamicOptionsProvider\ _IntentValueRepresentable\ _AssistantIntentsProvider\ _GenerativeFunctionExtractable\ IntentValueQuery\ Resolver\ AppExtension\ ExtensionPointDefining
    export SWIFT_EMIT_LOC_STRINGS\=YES
    export SWIFT_ENABLE_EXPLICIT_MODULES\=YES
    export SWIFT_OPTIMIZATION_LEVEL\=-Onone
    export SWIFT_PLATFORM_TARGET_PREFIX\=macos
    export SWIFT_RESPONSE_FILE_PATH_normal_arm64\=/Users/hisgarden/Library/Developer/Xcode/DerivedData/QuickRecorder-hkqsdurnaueuugdwzzozbromwbdc/Build/Intermediates.noindex/QuickRecorder.build/Debug/QuickRecorder.build/Objects-normal/arm64/QuickRecorder.SwiftFileList
    export SWIFT_VERSION\=5.0
    export SYMROOT\=/Users/hisgarden/Library/Developer/Xcode/DerivedData/QuickRecorder-hkqsdurnaueuugdwzzozbromwbdc/Build/Products
    export SYSTEM_ADMIN_APPS_DIR\=/Applications/Utilities
    export SYSTEM_APPS_DIR\=/Applications
    export SYSTEM_CORE_SERVICES_DIR\=/System/Library/CoreServices
    export SYSTEM_DEMOS_DIR\=/Applications/Extras
    export SYSTEM_DEVELOPER_APPS_DIR\=/Applications/Xcode.app/Contents/Developer/Applications
    export SYSTEM_DEVELOPER_BIN_DIR\=/Applications/Xcode.app/Contents/Developer/usr/bin
    export SYSTEM_DEVELOPER_DEMOS_DIR\=/Applications/Xcode.app/Contents/Developer/Applications/Utilities/Built\ Examples
    export SYSTEM_DEVELOPER_DIR\=/Applications/Xcode.app/Contents/Developer
    export SYSTEM_DEVELOPER_DOC_DIR\=/Applications/Xcode.app/Contents/Developer/ADC\ Reference\ Library
    export SYSTEM_DEVELOPER_GRAPHICS_TOOLS_DIR\=/Applications/Xcode.app/Contents/Developer/Applications/Graphics\ Tools
    export SYSTEM_DEVELOPER_JAVA_TOOLS_DIR\=/Applications/Xcode.app/Contents/Developer/Applications/Java\ Tools
    export SYSTEM_DEVELOPER_PERFORMANCE_TOOLS_DIR\=/Applications/Xcode.app/Contents/Developer/Applications/Performance\ Tools
    export SYSTEM_DEVELOPER_RELEASENOTES_DIR\=/Applications/Xcode.app/Contents/Developer/ADC\ Reference\ Library/releasenotes
    export SYSTEM_DEVELOPER_TOOLS\=/Applications/Xcode.app/Contents/Developer/Tools
    export SYSTEM_DEVELOPER_TOOLS_DOC_DIR\=/Applications/Xcode.app/Contents/Developer/ADC\ Reference\ Library/documentation/DeveloperTools
    export SYSTEM_DEVELOPER_TOOLS_RELEASENOTES_DIR\=/Applications/Xcode.app/Contents/Developer/ADC\ Reference\ Library/releasenotes/DeveloperTools
    export SYSTEM_DEVELOPER_USR_DIR\=/Applications/Xcode.app/Contents/Developer/usr
    export SYSTEM_DEVELOPER_UTILITIES_DIR\=/Applications/Xcode.app/Contents/Developer/Applications/Utilities
    export SYSTEM_DEXT_INSTALL_PATH\=/System/Library/DriverExtensions
    export SYSTEM_DOCUMENTATION_DIR\=/Library/Documentation
    export SYSTEM_EXTENSIONS_FOLDER_PATH\=QuickRecorder.app/Contents/Library/SystemExtensions
    export SYSTEM_EXTENSIONS_FOLDER_PATH_SHALLOW_BUNDLE_NO\=QuickRecorder.app/Contents/Library/SystemExtensions
    export SYSTEM_EXTENSIONS_FOLDER_PATH_SHALLOW_BUNDLE_YES\=QuickRecorder.app/Contents/SystemExtensions
    export SYSTEM_KEXT_INSTALL_PATH\=/System/Library/Extensions
    export SYSTEM_LIBRARY_DIR\=/System/Library
    export TAPI_DEMANGLE\=YES
    export TAPI_ENABLE_PROJECT_HEADERS\=NO
    export TAPI_LANGUAGE\=objective-c
    export TAPI_LANGUAGE_STANDARD\=compiler-default
    export TAPI_USE_SRCROOT\=YES
    export TAPI_VERIFY_MODE\=Pedantic
    export TARGETNAME\=QuickRecorder
    export TARGET_BUILD_DIR\=/Users/hisgarden/Library/Developer/Xcode/DerivedData/QuickRecorder-hkqsdurnaueuugdwzzozbromwbdc/Build/Products/Debug
    export TARGET_NAME\=QuickRecorder
    export TARGET_TEMP_DIR\=/Users/hisgarden/Library/Developer/Xcode/DerivedData/QuickRecorder-hkqsdurnaueuugdwzzozbromwbdc/Build/Intermediates.noindex/QuickRecorder.build/Debug/QuickRecorder.build
    export TEMP_DIR\=/Users/hisgarden/Library/Developer/Xcode/DerivedData/QuickRecorder-hkqsdurnaueuugdwzzozbromwbdc/Build/Intermediates.noindex/QuickRecorder.build/Debug/QuickRecorder.build
    export TEMP_FILES_DIR\=/Users/hisgarden/Library/Developer/Xcode/DerivedData/QuickRecorder-hkqsdurnaueuugdwzzozbromwbdc/Build/Intermediates.noindex/QuickRecorder.build/Debug/QuickRecorder.build
    export TEMP_FILE_DIR\=/Users/hisgarden/Library/Developer/Xcode/DerivedData/QuickRecorder-hkqsdurnaueuugdwzzozbromwbdc/Build/Intermediates.noindex/QuickRecorder.build/Debug/QuickRecorder.build
    export TEMP_ROOT\=/Users/hisgarden/Library/Developer/Xcode/DerivedData/QuickRecorder-hkqsdurnaueuugdwzzozbromwbdc/Build/Intermediates.noindex
    export TEMP_SANDBOX_DIR\=/Users/hisgarden/Library/Developer/Xcode/DerivedData/QuickRecorder-hkqsdurnaueuugdwzzozbromwbdc/Build/Intermediates.noindex/TemporaryTaskSandboxes
    export TEST_FRAMEWORK_SEARCH_PATHS\=\ /Applications/Xcode.app/Contents/Developer/Platforms/MacOSX.platform/Developer/Library/Frameworks
    export TEST_LIBRARY_SEARCH_PATHS\=\ /Applications/Xcode.app/Contents/Developer/Platforms/MacOSX.platform/Developer/usr/lib
    export TOOLCHAINS\=com.apple.dt.toolchain.XcodeDefault
    export TOOLCHAIN_DIR\=/Applications/Xcode.app/Contents/Developer/Toolchains/XcodeDefault.xctoolchain
    export TREAT_MISSING_BASELINES_AS_TEST_FAILURES\=NO
    export TREAT_MISSING_SCRIPT_PHASE_OUTPUTS_AS_ERRORS\=NO
    export TeamIdentifierPrefix\=NSDC3EDS2G.
    export UID\=501
    export UNINSTALLED_PRODUCTS_DIR\=/Users/hisgarden/Library/Developer/Xcode/DerivedData/QuickRecorder-hkqsdurnaueuugdwzzozbromwbdc/Build/Intermediates.noindex/UninstalledProducts
    export UNLOCALIZED_RESOURCES_FOLDER_PATH\=QuickRecorder.app/Contents/Resources
    export UNLOCALIZED_RESOURCES_FOLDER_PATH_SHALLOW_BUNDLE_NO\=QuickRecorder.app/Contents/Resources
    export UNLOCALIZED_RESOURCES_FOLDER_PATH_SHALLOW_BUNDLE_YES\=QuickRecorder.app/Contents
    export UNSTRIPPED_PRODUCT\=NO
    export USER\=hisgarden
    export USER_APPS_DIR\=/Users/hisgarden/Applications
    export USER_LIBRARY_DIR\=/Users/hisgarden/Library
    export USE_DYNAMIC_NO_PIC\=YES
    export USE_HEADERMAP\=YES
    export USE_HEADER_SYMLINKS\=NO
    export VALIDATE_DEVELOPMENT_ASSET_PATHS\=YES_ERROR
    export VALIDATE_PRODUCT\=NO
    export VALID_ARCHS\=arm64\ arm64e\ i386\ x86_64
    export VERBOSE_PBXCP\=NO
    export VERSIONPLIST_PATH\=QuickRecorder.app/Contents/version.plist
    export VERSION_INFO_BUILDER\=hisgarden
    export VERSION_INFO_FILE\=QuickRecorder_vers.c
    export VERSION_INFO_STRING\=\"@\(\#\)PROGRAM:QuickRecorder\ \ PROJECT:QuickRecorder-172\"
    export WORKSPACE_DIR\=/Users/hisgarden/workspace/util/QuickRecorder/QuickRecorder.xcodeproj
    export WRAPPER_EXTENSION\=app
    export WRAPPER_NAME\=QuickRecorder.app
    export WRAPPER_SUFFIX\=.app
    export WRAP_ASSET_PACKS_IN_SEPARATE_DIRECTORIES\=NO
    export XCODE_APP_SUPPORT_DIR\=/Applications/Xcode.app/Contents/Developer/Library/Xcode
    export XCODE_PRODUCT_BUILD_VERSION\=17A400
    export XCODE_VERSION_ACTUAL\=2601
    export XCODE_VERSION_MAJOR\=2600
    export XCODE_VERSION_MINOR\=2600
    export XPCSERVICES_FOLDER_PATH\=QuickRecorder.app/Contents/XPCServices
    export YACC\=yacc
    export _BOOL_\=NO
    export _BOOL_NO\=NO
    export _BOOL_YES\=YES
    export _DEVELOPMENT_TEAM_IS_EMPTY\=NO
    export _DISCOVER_COMMAND_LINE_LINKER_INPUTS\=YES
    export _DISCOVER_COMMAND_LINE_LINKER_INPUTS_INCLUDE_WL\=YES
    export _IS_EMPTY_\=YES
    export _LD_MULTIARCH\=YES
    export _MACOSX_DEPLOYMENT_TARGET_IS_EMPTY\=NO
    export _WRAPPER_CONTENTS_DIR\=/Contents
    export _WRAPPER_CONTENTS_DIR_SHALLOW_BUNDLE_NO\=/Contents
    export _WRAPPER_PARENT_PATH\=/..
    export _WRAPPER_PARENT_PATH_SHALLOW_BUNDLE_NO\=/..
    export _WRAPPER_RESOURCES_DIR\=/Resources
    export _WRAPPER_RESOURCES_DIR_SHALLOW_BUNDLE_NO\=/Resources
    export __DIAGNOSE_DEPRECATED_ARCHS\=YES
    export __IS_NOT_MACOS\=NO
    export __IS_NOT_MACOS_macosx\=NO
    export __IS_NOT_SIMULATOR\=YES
    export __IS_NOT_SIMULATOR_simulator\=NO
    export arch\=undefined_arch
    export variant\=normal
    /usr/bin/sandbox-exec -D SCRIPT_INPUT_FILE_0\=/Users/hisgarden/Library/Developer/Xcode/DerivedData/QuickRecorder-hkqsdurnaueuugdwzzozbromwbdc/Build/Intermediates.noindex/QuickRecorder.build/Debug/QuickRecorder.build/Script-82D2117F2EFF470500A993EC.sh -D SCRIPT_INPUT_ANCESTOR_0\=/ -D SCRIPT_INPUT_ANCESTOR_1\=/Users -D SCRIPT_INPUT_ANCESTOR_2\=/Users/hisgarden -D SCRIPT_INPUT_ANCESTOR_3\=/Users/hisgarden/Library -D SCRIPT_INPUT_ANCESTOR_4\=/Users/hisgarden/Library/Developer -D SCRIPT_INPUT_ANCESTOR_5\=/Users/hisgarden/Library/Developer/Xcode -D SCRIPT_INPUT_ANCESTOR_6\=/Users/hisgarden/Library/Developer/Xcode/DerivedData -D SCRIPT_INPUT_ANCESTOR_7\=/Users/hisgarden/Library/Developer/Xcode/DerivedData/QuickRecorder-hkqsdurnaueuugdwzzozbromwbdc -D SCRIPT_INPUT_ANCESTOR_8\=/Users/hisgarden/Library/Developer/Xcode/DerivedData/QuickRecorder-hkqsdurnaueuugdwzzozbromwbdc/Build -D SCRIPT_INPUT_ANCESTOR_9\=/Users/hisgarden/Library/Developer/Xcode/DerivedData/QuickRecorder-hkqsdurnaueuugdwzzozbromwbdc/Build/Intermediates.noindex -D SCRIPT_INPUT_ANCESTOR_10\=/Users/hisgarden/Library/Developer/Xcode/DerivedData/QuickRecorder-hkqsdurnaueuugdwzzozbromwbdc/Build/Intermediates.noindex/QuickRecorder.build -D SCRIPT_INPUT_ANCESTOR_11\=/Users/hisgarden/Library/Developer/Xcode/DerivedData/QuickRecorder-hkqsdurnaueuugdwzzozbromwbdc/Build/Intermediates.noindex/QuickRecorder.build/Debug -D SCRIPT_INPUT_ANCESTOR_12\=/Users/hisgarden/Library/Developer/Xcode/DerivedData/QuickRecorder-hkqsdurnaueuugdwzzozbromwbdc/Build/Intermediates.noindex/QuickRecorder.build/Debug/QuickRecorder.build -D SRCROOT\=/Users/hisgarden/workspace/util/QuickRecorder -D PROJECT_DIR\=/Users/hisgarden/workspace/util/QuickRecorder -D OBJROOT\=/Users/hisgarden/Library/Developer/Xcode/DerivedData/QuickRecorder-hkqsdurnaueuugdwzzozbromwbdc/Build/Intermediates.noindex -D SYMROOT\=/Users/hisgarden/Library/Developer/Xcode/DerivedData/QuickRecorder-hkqsdurnaueuugdwzzozbromwbdc/Build/Products -D DSTROOT\=/tmp/QuickRecorder.dst -D SHARED_PRECOMPS_DIR\=/Users/hisgarden/Library/Developer/Xcode/DerivedData/QuickRecorder-hkqsdurnaueuugdwzzozbromwbdc/Build/Intermediates.noindex/PrecompiledHeaders -D CACHE_ROOT\=/var/folders/lj/r59mn1s53jl4lhckynjdfpxw0000gn/C/com.apple.DeveloperTools/26.0.1-17A400/Xcode -D CONFIGURATION_BUILD_DIR\=/Users/hisgarden/Library/Developer/Xcode/DerivedData/QuickRecorder-hkqsdurnaueuugdwzzozbromwbdc/Build/Products/Debug -D CONFIGURATION_TEMP_DIR\=/Users/hisgarden/Library/Developer/Xcode/DerivedData/QuickRecorder-hkqsdurnaueuugdwzzozbromwbdc/Build/Intermediates.noindex/QuickRecorder.build/Debug -D LOCROOT\=/Users/hisgarden/workspace/util/QuickRecorder -D LOCSYMROOT\=/Users/hisgarden/workspace/util/QuickRecorder -D INDEX_PRECOMPS_DIR\=/Users/hisgarden/Library/Developer/Xcode/DerivedData/QuickRecorder-hkqsdurnaueuugdwzzozbromwbdc/Index.noindex/PrecompiledHeaders -D INDEX_DATA_STORE_DIR\=/Users/hisgarden/Library/Developer/Xcode/DerivedData/QuickRecorder-hkqsdurnaueuugdwzzozbromwbdc/Index.noindex/DataStore -D TEMP_DIR\=/Users/hisgarden/Library/Developer/Xcode/DerivedData/QuickRecorder-hkqsdurnaueuugdwzzozbromwbdc/Build/Intermediates.noindex/QuickRecorder.build/Debug/QuickRecorder.build -D TARGET_TEMP_DIR\=/Users/hisgarden/Library/Developer/Xcode/DerivedData/QuickRecorder-hkqsdurnaueuugdwzzozbromwbdc/Build/Intermediates.noindex/QuickRecorder.build/Debug/QuickRecorder.build -D DERIVED_FILE_DIR\=/Users/hisgarden/Library/Developer/Xcode/DerivedData/QuickRecorder-hkqsdurnaueuugdwzzozbromwbdc/Build/Intermediates.noindex/QuickRecorder.build/Debug/QuickRecorder.build/DerivedSources -f /Users/hisgarden/Library/Developer/Xcode/DerivedData/QuickRecorder-hkqsdurnaueuugdwzzozbromwbdc/Build/Intermediates.noindex/QuickRecorder.build/Debug/QuickRecorder.build/115df1e3897d3a6256a87b58c074f062.sb /bin/sh -c /Users/hisgarden/Library/Developer/Xcode/DerivedData/QuickRecorder-hkqsdurnaueuugdwzzozbromwbdc/Build/Intermediates.noindex/QuickRecorder.build/Debug/QuickRecorder.build/Script-82D2117F2EFF470500A993EC.sh
Skipping Sparkle re-signing for Debug build (sandbox restrictions)

CodeSign /Users/hisgarden/Library/Developer/Xcode/DerivedData/QuickRecorder-hkqsdurnaueuugdwzzozbromwbdc/Build/Products/Debug/QuickRecorder.app/Contents/MacOS/QuickRecorder.debug.dylib (in target 'QuickRecorder' from project 'QuickRecorder')
    cd /Users/hisgarden/workspace/util/QuickRecorder
    
    Signing Identity:     "Apple Development: Jin Wen (Q74559T886)"
    
    /usr/bin/codesign --force --sign 7632908D4CA47FDD53A63BABF990D63E9AF85ACE -o runtime --timestamp\=none --generate-entitlement-der /Users/hisgarden/Library/Developer/Xcode/DerivedData/QuickRecorder-hkqsdurnaueuugdwzzozbromwbdc/Build/Products/Debug/QuickRecorder.app/Contents/MacOS/QuickRecorder.debug.dylib
/Users/hisgarden/Library/Developer/Xcode/DerivedData/QuickRecorder-hkqsdurnaueuugdwzzozbromwbdc/Build/Products/Debug/QuickRecorder.app/Contents/MacOS/QuickRecorder.debug.dylib: replacing existing signature

CodeSign /Users/hisgarden/Library/Developer/Xcode/DerivedData/QuickRecorder-hkqsdurnaueuugdwzzozbromwbdc/Build/Products/Debug/QuickRecorder.app/Contents/MacOS/__preview.dylib (in target 'QuickRecorder' from project 'QuickRecorder')
    cd /Users/hisgarden/workspace/util/QuickRecorder
    
    Signing Identity:     "Apple Development: Jin Wen (Q74559T886)"
    
    /usr/bin/codesign --force --sign 7632908D4CA47FDD53A63BABF990D63E9AF85ACE -o runtime --timestamp\=none --generate-entitlement-der /Users/hisgarden/Library/Developer/Xcode/DerivedData/QuickRecorder-hkqsdurnaueuugdwzzozbromwbdc/Build/Products/Debug/QuickRecorder.app/Contents/MacOS/__preview.dylib
/Users/hisgarden/Library/Developer/Xcode/DerivedData/QuickRecorder-hkqsdurnaueuugdwzzozbromwbdc/Build/Products/Debug/QuickRecorder.app/Contents/MacOS/__preview.dylib: replacing existing signature

CodeSign /Users/hisgarden/Library/Developer/Xcode/DerivedData/QuickRecorder-hkqsdurnaueuugdwzzozbromwbdc/Build/Products/Debug/QuickRecorder.app (in target 'QuickRecorder' from project 'QuickRecorder')
    cd /Users/hisgarden/workspace/util/QuickRecorder
    
    Signing Identity:     "Apple Development: Jin Wen (Q74559T886)"
    
    /usr/bin/codesign --force --sign 7632908D4CA47FDD53A63BABF990D63E9AF85ACE -o runtime --entitlements /Users/hisgarden/Library/Developer/Xcode/DerivedData/QuickRecorder-hkqsdurnaueuugdwzzozbromwbdc/Build/Intermediates.noindex/QuickRecorder.build/Debug/QuickRecorder.build/QuickRecorder.app.xcent --timestamp\=none --generate-entitlement-der /Users/hisgarden/Library/Developer/Xcode/DerivedData/QuickRecorder-hkqsdurnaueuugdwzzozbromwbdc/Build/Products/Debug/QuickRecorder.app
/Users/hisgarden/Library/Developer/Xcode/DerivedData/QuickRecorder-hkqsdurnaueuugdwzzozbromwbdc/Build/Products/Debug/QuickRecorder.app: replacing existing signature

Validate /Users/hisgarden/Library/Developer/Xcode/DerivedData/QuickRecorder-hkqsdurnaueuugdwzzozbromwbdc/Build/Products/Debug/QuickRecorder.app (in target 'QuickRecorder' from project 'QuickRecorder')
    cd /Users/hisgarden/workspace/util/QuickRecorder
    builtin-validationUtility /Users/hisgarden/Library/Developer/Xcode/DerivedData/QuickRecorder-hkqsdurnaueuugdwzzozbromwbdc/Build/Products/Debug/QuickRecorder.app -no-validate-extension -infoplist-subpath Contents/Info.plist

RegisterWithLaunchServices /Users/hisgarden/Library/Developer/Xcode/DerivedData/QuickRecorder-hkqsdurnaueuugdwzzozbromwbdc/Build/Products/Debug/QuickRecorder.app (in target 'QuickRecorder' from project 'QuickRecorder')
    cd /Users/hisgarden/workspace/util/QuickRecorder
    /System/Library/Frameworks/CoreServices.framework/Versions/Current/Frameworks/LaunchServices.framework/Versions/Current/Support/lsregister -f -R -trusted /Users/hisgarden/Library/Developer/Xcode/DerivedData/QuickRecorder-hkqsdurnaueuugdwzzozbromwbdc/Build/Products/Debug/QuickRecorder.app

2025-12-26 20:59:05.952788-0800 QuickRecorder[14837:12621161] [] CMIO_DAL_CMIOExtension_Device.mm:373:Device legacy uuid isn't present, using new style uuid instead
2025-12-26 20:59:05.952956-0800 QuickRecorder[14837:12621161] [] CMIO_DAL_CMIOExtension_Device.mm:373:Device legacy uuid isn't present, using new style uuid instead
Notification authorization denied: Notifications are not allowed for this application
2025-12-26 20:59:05.953010-0800 QuickRecorder[14837:12621161] [] CMIO_DAL_CMIOExtension_Device.mm:373:Device legacy uuid isn't present, using new style uuid instead
2025-12-26 20:59:05.953051-0800 QuickRecorder[14837:12621161] [] CMIO_DAL_CMIOExtension_Device.mm:373:Device legacy uuid isn't present, using new style uuid instead
2025-12-26 20:59:05.997977-0800 QuickRecorder[14837:12621161] [plugin] AddInstanceForFactory: No factory registered for id <CFUUID 0x92f92aca0> 30010C1C-93BF-11D8-8B5B-000A95AF9C6A
2025-12-26 20:59:06.452600-0800 QuickRecorder[14837:12621460] [Common] Unable to obtain a task name port right for pid 171: (os/kern) failure (0x5)
2025-12-26 20:59:07.440799-0800 QuickRecorder[14837:12621161] [plugin] AddInstanceForFactory: No factory registered for id <CFUUID 0x92f55c1c0> F8BB1C28-BAE8-11D6-9C31-00039315CD46
2025-12-26 20:59:07.502033-0800 QuickRecorder[14837:12621161] [] CMIO_DAL_CMIOExtension_Stream.mm:1906:GetPropertyData background replacement pixel buffer size invalid or not available
2025-12-26 20:59:07.502113-0800 QuickRecorder[14837:12621161] [] CMIOHardware.cpp:331:CMIOObjectGetPropertyData Error: 2003332927, failed
2025-12-26 20:59:07.506703-0800 QuickRecorder[14837:12621161] [] CMIO_DAL_CMIOExtension_Stream.mm:1906:GetPropertyData background replacement pixel buffer size invalid or not available
2025-12-26 20:59:07.506764-0800 QuickRecorder[14837:12621161] [] CMIOHardware.cpp:331:CMIOObjectGetPropertyData Error: 2003332927, failed
Test Suite 'All tests' started at 2025-12-26 20:59:08.387.
Test Suite 'QuickRecorderTests.xctest' started at 2025-12-26 20:59:08.388.
Test Suite 'ErrorHandlerTests' started at 2025-12-26 20:59:08.388.
Test Case '-[QuickRecorderTests.ErrorHandlerTests testCreateAssetWriter_Success]' started.
Test Case '-[QuickRecorderTests.ErrorHandlerTests testCreateAssetWriter_Success]' passed (0.006 seconds).
Test Case '-[QuickRecorderTests.ErrorHandlerTests testCreateAudioFile_InvalidSettings]' started.
2025-12-26 20:59:08.431577-0800 QuickRecorder[14837:12621161] [avae]            AVAEInternal.h:104   [AVAudioFile.mm:466:AVAudioFileImpl: (err): error -50
Test Case '-[QuickRecorderTests.ErrorHandlerTests testCreateAudioFile_InvalidSettings]' passed (0.038 seconds).
Test Case '-[QuickRecorderTests.ErrorHandlerTests testCreateAudioFile_Success]' started.
Test Case '-[QuickRecorderTests.ErrorHandlerTests testCreateAudioFile_Success]' passed (0.026 seconds).
Test Case '-[QuickRecorderTests.ErrorHandlerTests testCreateDirectory_Success]' started.
Test Case '-[QuickRecorderTests.ErrorHandlerTests testCreateDirectory_Success]' passed (0.002 seconds).
Test Case '-[QuickRecorderTests.ErrorHandlerTests testErrorHandler_Singleton]' started.
Test Case '-[QuickRecorderTests.ErrorHandlerTests testErrorHandler_Singleton]' passed (0.001 seconds).
Test Case '-[QuickRecorderTests.ErrorHandlerTests testGetCGFloatFromArea_CGFloat]' started.
Test Case '-[QuickRecorderTests.ErrorHandlerTests testGetCGFloatFromArea_CGFloat]' passed (0.001 seconds).
Test Case '-[QuickRecorderTests.ErrorHandlerTests testGetCGFloatFromArea_Double]' started.
Test Case '-[QuickRecorderTests.ErrorHandlerTests testGetCGFloatFromArea_Double]' passed (0.001 seconds).
Test Case '-[QuickRecorderTests.ErrorHandlerTests testGetCGFloatFromArea_Int]' started.
Test Case '-[QuickRecorderTests.ErrorHandlerTests testGetCGFloatFromArea_Int]' passed (0.001 seconds).
Test Case '-[QuickRecorderTests.ErrorHandlerTests testGetCGFloatFromArea_InvalidType]' started.
Test Case '-[QuickRecorderTests.ErrorHandlerTests testGetCGFloatFromArea_InvalidType]' passed (0.001 seconds).
Test Case '-[QuickRecorderTests.ErrorHandlerTests testGetCGFloatFromArea_MissingKey]' started.
Test Case '-[QuickRecorderTests.ErrorHandlerTests testGetCGFloatFromArea_MissingKey]' passed (0.001 seconds).
Test Case '-[QuickRecorderTests.ErrorHandlerTests testGetFileSize_NonExistentFile]' started.
Test Case '-[QuickRecorderTests.ErrorHandlerTests testGetFileSize_NonExistentFile]' passed (0.001 seconds).
Test Case '-[QuickRecorderTests.ErrorHandlerTests testGetFileSize_Success]' started.
Test Case '-[QuickRecorderTests.ErrorHandlerTests testGetFileSize_Success]' passed (0.002 seconds).
Test Case '-[QuickRecorderTests.ErrorHandlerTests testHandleError_DoesNotCrash]' started.
🚨 QuickRecorder Error: Unit Test: Export operation failed: Test export error
Test Case '-[QuickRecorderTests.ErrorHandlerTests testHandleError_DoesNotCrash]' passed (0.001 seconds).
Test Case '-[QuickRecorderTests.ErrorHandlerTests testParseSavedArea_InvalidType]' started.
Test Case '-[QuickRecorderTests.ErrorHandlerTests testParseSavedArea_InvalidType]' passed (0.001 seconds).
Test Case '-[QuickRecorderTests.ErrorHandlerTests testParseSavedArea_Success]' started.
Test Case '-[QuickRecorderTests.ErrorHandlerTests testParseSavedArea_Success]' passed (0.001 seconds).
Test Case '-[QuickRecorderTests.ErrorHandlerTests testRecordingError_LocalizedDescriptions]' started.
Test Case '-[QuickRecorderTests.ErrorHandlerTests testRecordingError_LocalizedDescriptions]' passed (0.001 seconds).
Test Case '-[QuickRecorderTests.ErrorHandlerTests testSafeExecute_Failure]' started.
Test Case '-[QuickRecorderTests.ErrorHandlerTests testSafeExecute_Failure]' passed (0.001 seconds).
Test Case '-[QuickRecorderTests.ErrorHandlerTests testSafeExecute_Success]' started.
Test Case '-[QuickRecorderTests.ErrorHandlerTests testSafeExecute_Success]' passed (0.001 seconds).
Test Case '-[QuickRecorderTests.ErrorHandlerTests testShowError_DoesNotCrash]' started.
Test Case '-[QuickRecorderTests.ErrorHandlerTests testShowError_DoesNotCrash]' passed (0.001 seconds).
Test Case '-[QuickRecorderTests.ErrorHandlerTests testStartAudioEngine_ErrorHandling]' started.
Test Case '-[QuickRecorderTests.ErrorHandlerTests testStartAudioEngine_ErrorHandling]' passed (0.003 seconds).
Test Case '-[QuickRecorderTests.ErrorHandlerTests testStartAudioEngine_ErrorTypeValidation]' started.
Test Case '-[QuickRecorderTests.ErrorHandlerTests testStartAudioEngine_ErrorTypeValidation]' passed (0.001 seconds).
Test Case '-[QuickRecorderTests.ErrorHandlerTests testStartAudioEngine_Success]' started.
Test Case '-[QuickRecorderTests.ErrorHandlerTests testStartAudioEngine_Success]' passed (0.002 seconds).
Test Suite 'ErrorHandlerTests' passed at 2025-12-26 20:59:08.492.
	 Executed 22 tests, with 0 failures (0 unexpected) in 0.096 (0.103) seconds
Test Suite 'SettingsManagerTests' started at 2025-12-26 20:59:08.492.
Test Case '-[QuickRecorderTests.SettingsManagerTests testAreaSelection_DefaultValues]' started.
Test Case '-[QuickRecorderTests.SettingsManagerTests testAreaSelection_DefaultValues]' passed (0.002 seconds).
Test Case '-[QuickRecorderTests.SettingsManagerTests testAreaSelection_SetAndGet]' started.
Test Case '-[QuickRecorderTests.SettingsManagerTests testAreaSelection_SetAndGet]' passed (0.007 seconds).
Test Case '-[QuickRecorderTests.SettingsManagerTests testAudioFormatString]' started.
Test Case '-[QuickRecorderTests.SettingsManagerTests testAudioFormatString]' passed (0.002 seconds).
Test Case '-[QuickRecorderTests.SettingsManagerTests testAudioQualityValue]' started.
Test Case '-[QuickRecorderTests.SettingsManagerTests testAudioQualityValue]' passed (0.001 seconds).
Test Case '-[QuickRecorderTests.SettingsManagerTests testAudioSettings_DefaultValues]' started.
Test Case '-[QuickRecorderTests.SettingsManagerTests testAudioSettings_DefaultValues]' passed (0.001 seconds).
Test Case '-[QuickRecorderTests.SettingsManagerTests testAudioSettings_SetAndGet]' started.
Test Case '-[QuickRecorderTests.SettingsManagerTests testAudioSettings_SetAndGet]' passed (0.003 seconds).
Test Case '-[QuickRecorderTests.SettingsManagerTests testGetSaveDirectory_CustomPath]' started.
Test Case '-[QuickRecorderTests.SettingsManagerTests testGetSaveDirectory_CustomPath]' passed (0.002 seconds).
Test Case '-[QuickRecorderTests.SettingsManagerTests testGetSaveDirectory_DefaultPath]' started.
Test Case '-[QuickRecorderTests.SettingsManagerTests testGetSaveDirectory_DefaultPath]' passed (0.001 seconds).
Test Case '-[QuickRecorderTests.SettingsManagerTests testIsMicrophoneConfigured_False]' started.
Test Case '-[QuickRecorderTests.SettingsManagerTests testIsMicrophoneConfigured_False]' passed (0.002 seconds).
Test Case '-[QuickRecorderTests.SettingsManagerTests testIsMicrophoneConfigured_True]' started.
Test Case '-[QuickRecorderTests.SettingsManagerTests testIsMicrophoneConfigured_True]' passed (0.002 seconds).
Test Case '-[QuickRecorderTests.SettingsManagerTests testRecordingControl_DefaultValues]' started.
Test Case '-[QuickRecorderTests.SettingsManagerTests testRecordingControl_DefaultValues]' passed (0.001 seconds).
Test Case '-[QuickRecorderTests.SettingsManagerTests testRecordingControl_SetAndGet]' started.
Test Case '-[QuickRecorderTests.SettingsManagerTests testRecordingControl_SetAndGet]' passed (0.002 seconds).
Test Case '-[QuickRecorderTests.SettingsManagerTests testRecordingSettings_DefaultValues]' started.
Test Case '-[QuickRecorderTests.SettingsManagerTests testRecordingSettings_DefaultValues]' passed (0.002 seconds).
Test Case '-[QuickRecorderTests.SettingsManagerTests testRecordingSettings_SetAndGet]' started.
Test Case '-[QuickRecorderTests.SettingsManagerTests testRecordingSettings_SetAndGet]' passed (0.004 seconds).
Test Case '-[QuickRecorderTests.SettingsManagerTests testSettingsManager_Singleton]' started.
Test Case '-[QuickRecorderTests.SettingsManagerTests testSettingsManager_Singleton]' passed (0.001 seconds).
Test Case '-[QuickRecorderTests.SettingsManagerTests testShouldShowAECWarning_False]' started.
Test Case '-[QuickRecorderTests.SettingsManagerTests testShouldShowAECWarning_False]' passed (0.002 seconds).
Test Case '-[QuickRecorderTests.SettingsManagerTests testShouldShowAECWarning_True]' started.
Test Case '-[QuickRecorderTests.SettingsManagerTests testShouldShowAECWarning_True]' passed (0.002 seconds).
Test Case '-[QuickRecorderTests.SettingsManagerTests testUISettings_DefaultValues]' started.
Test Case '-[QuickRecorderTests.SettingsManagerTests testUISettings_DefaultValues]' passed (0.001 seconds).
Test Case '-[QuickRecorderTests.SettingsManagerTests testUISettings_SetAndGet]' started.
Test Case '-[QuickRecorderTests.SettingsManagerTests testUISettings_SetAndGet]' passed (0.002 seconds).
Test Case '-[QuickRecorderTests.SettingsManagerTests testValidateSettings_AreaDimensions]' started.
Test Case '-[QuickRecorderTests.SettingsManagerTests testValidateSettings_AreaDimensions]' passed (0.003 seconds).
Test Case '-[QuickRecorderTests.SettingsManagerTests testValidateSettings_FrameRate]' started.
Test Case '-[QuickRecorderTests.SettingsManagerTests testValidateSettings_FrameRate]' passed (0.002 seconds).
Test Case '-[QuickRecorderTests.SettingsManagerTests testValidateSettings_VideoQuality]' started.
Test Case '-[QuickRecorderTests.SettingsManagerTests testValidateSettings_VideoQuality]' passed (0.001 seconds).
Test Case '-[QuickRecorderTests.SettingsManagerTests testVideoFormatString]' started.
Test Case '-[QuickRecorderTests.SettingsManagerTests testVideoFormatString]' passed (0.001 seconds).
Test Case '-[QuickRecorderTests.SettingsManagerTests testVideoSettings_DefaultValues]' started.
Test Case '-[QuickRecorderTests.SettingsManagerTests testVideoSettings_DefaultValues]' passed (0.001 seconds).
Test Case '-[QuickRecorderTests.SettingsManagerTests testVideoSettings_SetAndGet]' started.
Test Case '-[QuickRecorderTests.SettingsManagerTests testVideoSettings_SetAndGet]' passed (0.004 seconds).
Test Suite 'SettingsManagerTests' passed at 2025-12-26 20:59:08.553.
	 Executed 25 tests, with 0 failures (0 unexpected) in 0.053 (0.061) seconds
Test Suite 'QuickRecorderTests.xctest' passed at 2025-12-26 20:59:08.553.
	 Executed 47 tests, with 0 failures (0 unexpected) in 0.149 (0.165) seconds
Test Suite 'All tests' passed at 2025-12-26 20:59:08.554.
	 Executed 47 tests, with 0 failures (0 unexpected) in 0.149 (0.166) seconds
2025-12-26 20:59:08.570071-0800 QuickRecorder[14837:12621161] [] CMIOHardware.cpp:295:CMIOObjectGetPropertyData the System is exiting
2025-12-26 20:59:08.570114-0800 QuickRecorder[14837:12621161] [] CMIOHardware.cpp:331:CMIOObjectGetPropertyData Error: 1970171760, failed
2025-12-26 20:59:08.570126-0800 QuickRecorder[14837:12621161] [] CMIO_DALA_System.cpp:264:GetPropertyData error 1970171760 (unop) getting property selector (inot) scope (glob) element 0
2025-12-26 20:59:08.843 xcodebuild[14779:12620780] [MT] IDETestOperationsObserverDebug: 4.850 elapsed -- Testing started completed.
2025-12-26 20:59:08.843 xcodebuild[14779:12620780] [MT] IDETestOperationsObserverDebug: 0.000 sec, +0.000 sec -- start
2025-12-26 20:59:08.843 xcodebuild[14779:12620780] [MT] IDETestOperationsObserverDebug: 4.850 sec, +4.850 sec -- end

Test session results, code coverage, and logs:
	/Users/hisgarden/Library/Developer/Xcode/DerivedData/QuickRecorder-hkqsdurnaueuugdwzzozbromwbdc/Logs/Test/Test-QuickRecorder-2025.12.26_20-58-59--0800.xcresult

** TEST SUCCEEDED **

Testing started
